MO MMT_v NULL C:/Xilinx92i/MM/MMT.v vlg1B/_m_m_t__v.bin 1381320533
MO MME NULL C:/Xilinx92i/MM/MME.v vlg4B/_m_m_e.bin 1382164496
MO MM NULL C:/Xilinx92i/MM/MM.v vlg4E/_m_m.bin 1382164496
MO MMET_v NULL C:/Xilinx92i/MM/MMET.v vlg24/_m_m_e_t__v.bin 1382164496
MO glbl NULL C:/Xilinx92i/verilog/src/glbl.v vlg2D/glbl.bin 1382164496
