V3 12
FL $XILINX/MM/MM.v 2013/10/21.15:07:07 J.36
MO work/MM FL $XILINX/MM/MM.v
FL $XILINX/MM/MME.v 2013/10/21.15:39:15 J.36
MO work/MME FL $XILINX/MM/MME.v MI MM
FL $XILINX/MM/MMET.v 2013/10/18.16:43:34 J.36
MO work/MMET_v FL $XILINX/MM/MMET.v MI MME
FL $XILINX/MM/MMT.v 2013/10/18.16:37:54 J.36
MO work/mmt_v FL $XILINX/MM/MMT.v MI MM
FL $XILINX/verilog/src/glbl.v 2007/05/19.02:52:56 J.36
MO work/glbl FL $XILINX/verilog/src/glbl.v
